// 重构日志: 826e3ed1
// 重构日志: 0bc70972
// 重构日志: af835127
// 同步 ID: d5b227c3 @ Sun Jul 26 01:43:22 UTC 2026
// 重构日志: 744fb9c9
// 同步 ID: 198d6fb0 @ Sun Jul 26 14:24:56 UTC 2026
// 重构日志: c10860c7
// 重构日志: d801b1c3
// 重构日志: 569efdd0
// 重构日志: 95474fc1
// 重构日志: 61f44667
// 同步 ID: 8613c692 @ Wed Jul 29 17:09:28 UTC 2026
// 重构日志: 70b5a56a
// 重构日志: abe37127
// 同步 ID: 65a31a7c @ Thu Jul 30 15:19:59 UTC 2026
// 重构日志: 98a66cbd
// 重构日志: 88137aff
// 重构日志: 4013c0e4
// 同步 ID: 800b021e @ Sun Aug  2 01:29:36 UTC 2026
// 同步 ID: 3caa4b3b @ Sun Aug  2 13:29:34 UTC 2026
// 重构日志: 6f53b2ee
// 同步 ID: 4307410a @ Sun Aug  2 17:38:52 UTC 2026
// 同步 ID: 1b736192 @ Sun Aug  2 17:53:22 UTC 2026
// 重构日志: a38eafb6
// 重构日志: f916a255
// 重构日志: abdcf1e5
// 重构日志: a8109a40
// 重构日志: b10c889c
// 同步 ID: adda39b7 @ Wed Aug  5 13:12:30 UTC 2026
// 同步 ID: d145f350 @ Fri Aug  7 06:52:44 UTC 2026
// 重构日志: 394237ca
